// Jest Snapshot v1, https://goo.gl/fbAQLP

exports[`Header renders correctly 1`] = `
<header
  className="flex flex-row items-baseline justify-between px-6 py-6 bg-white border-solid border-b border-gray-300"
>
  <div
    className="w-full flex flex-col items-start sm:items-baseline sm:justify-between sm:flex-row"
  >
    <div
      className="flex items-center"
    >
      <button
        className="cursor-pointer text-black h-6 w-6 mr-4 sm:hidden focus:outline-none"
        onClick={[Function]}
        type="button"
      >
        <svg
          className="stroke-current"
          fill="none"
          stroke="currentColor"
          viewBox="0 0 24 24"
        >
          <path
            d="M4 6h16M4 12h16M4 18h16"
            strokeLinecap="round"
            strokeLinejoin="round"
            strokeWidth="2"
          />
        </svg>
      </button>
      <a
        href="/"
      >
        <h1
          className="text-3xl font-thin text-black"
        >
          Plants.
        </h1>
      </a>
    </div>
    <div
      className="hidden w-full flex-col mt-4 sm:my-0 sm:w-auto sm:flex sm:flex-row sm:items-center"
    >
      <a
        className="cursor-pointer block p-4 font-semibold text-base leading-thight tracking-wide text-black hover:opacity-50 sm:p-0 sm:m-0 sm:border-none sm:mx-4"
        href="/shop/"
      >
        All
      </a>
      <a
        className="cursor-pointer block p-4 font-semibold text-base leading-thight tracking-wide text-black hover:opacity-50 sm:p-0 sm:m-0 sm:border-none sm:mx-4"
        href="/"
      >
        New
      </a>
      <a
        className="cursor-pointer block p-4 font-semibold text-base leading-thight tracking-wide text-black hover:opacity-50 sm:p-0 sm:m-0 sm:border-none sm:mx-4"
        href="/"
      >
        On Sale
      </a>
      <button
        className="relative cursor-pointer hidden text-black h-6 w-6 mr-4 mb-1 focus:outline-none sm:block sm:ml-8"
        onClick={[Function]}
        type="button"
      >
        <svg
          className="stroke-current"
          fill="none"
          stroke="currentColor"
          viewBox="0 0 24 24"
        >
          <path
            d="M4.318 6.318a4.5 4.5 0 000 6.364L12 20.364l7.682-7.682a4.5 4.5 0 00-6.364-6.364L12 7.636l-1.318-1.318a4.5 4.5 0 00-6.364 0z"
            strokeLinecap="round"
            strokeLinejoin="round"
            strokeWidth="2"
          />
        </svg>
        <div
          className="absolute right-0 top-0 -mr-3 -mt-2 bg-black rounded-full h-5 w-5 flex items-center justify-center"
        >
          <span
            className="text-white font-semibold text-2xs"
          >
            0
          </span>
        </div>
      </button>
    </div>
  </div>
  <button
    className="relative cursor-pointer text-black h-6 w-6 mr-4 mb-1 focus:outline-none sm:hidden sm:ml-8"
    onClick={[Function]}
    type="button"
  >
    <svg
      className="stroke-current"
      fill="none"
      stroke="currentColor"
      viewBox="0 0 24 24"
    >
      <path
        d="M4.318 6.318a4.5 4.5 0 000 6.364L12 20.364l7.682-7.682a4.5 4.5 0 00-6.364-6.364L12 7.636l-1.318-1.318a4.5 4.5 0 00-6.364 0z"
        strokeLinecap="round"
        strokeLinejoin="round"
        strokeWidth="2"
      />
    </svg>
    <div
      className="absolute right-0 top-0 -mr-3 -mt-2 bg-black rounded-full h-5 w-5 flex items-center justify-center"
    >
      <span
        className="text-white font-semibold text-2xs"
      >
        0
      </span>
    </div>
  </button>
</header>
`;
